
Filesystems usage for user tmanek ( uid 646266495 ):
-------------------------------------------------------------------------------------
Directory                       Used   Limit   Used,%         Files     Limit
-------------------------------------------------------------------------------------
/home/tmanek                    31KB    15GB     0.0%            34    100000
/data/tmanek                    16GB   200GB     7.7%         40373          
/scratch/tmanek                   0B    20TB     0.0%             1          

/shares/atomt.pilot.s3it.uzh    31GB    10TB     0.3%          2935          
-------------------------------------------------------------------------------------

Files on /scratch may be purged after 30 days.
See https://docs.s3it.uzh.ch/cluster/data

Commencing training!
COMMAND: train.py --cuda --data assignment3/cz-en/data/prepared/ --src-tokenizer cz-en/tokenizers/cz-bpe-8000.model --tgt-tokenizer cz-en/tokenizers/en-bpe-8000.model --source-lang cz --target-lang en --batch-size 64 --arch transformer --max-epoch 1 --log-file assignment3/cz-en/logs/train_resume.log --save-dir assignment3/cz-en/checkpoints/ --restore-file checkpoint_last.pt --encoder-dropout 0.1 --decoder-dropout 0.1 --dim-embedding 256 --attention-heads 4 --dim-feedforward-encoder 1024 --dim-feedforward-decoder 1024 --max-seq-len 300 --n-encoder-layers 3 --n-decoder-layers 3
Arguments: {'cuda': True, 'data': 'assignment3/cz-en/data/prepared/', 'source_lang': 'cz', 'target_lang': 'en', 'src_tokenizer': 'cz-en/tokenizers/cz-bpe-8000.model', 'tgt_tokenizer': 'cz-en/tokenizers/en-bpe-8000.model', 'max_tokens': None, 'batch_size': 64, 'train_on_tiny': False, 'arch': 'transformer', 'max_epoch': 1, 'clip_norm': 4.0, 'lr': 0.0003, 'patience': 3, 'max_length': 300, 'log_file': 'assignment3/cz-en/logs/train_resume.log', 'save_dir': 'assignment3/cz-en/checkpoints/', 'restore_file': 'checkpoint_last.pt', 'save_interval': 1, 'no_save': False, 'epoch_checkpoints': False, 'ignore_checkpoints': False, 'encoder_dropout': 0.1, 'decoder_dropout': 0.1, 'dim_embedding': 256, 'attention_heads': 4, 'dim_feedforward_encoder': 1024, 'dim_feedforward_decoder': 1024, 'max_seq_len': 300, 'n_encoder_layers': 3, 'n_decoder_layers': 3, 'encoder_embed_path': None, 'decoder_embed_path': None, 'seed': 381868909}
/var/lib/slurm/slurmd/job24098637/slurm_script: line 41: 548433 Killed                  python train.py --cuda --data assignment3/cz-en/data/prepared/ --src-tokenizer cz-en/tokenizers/cz-bpe-8000.model --tgt-tokenizer cz-en/tokenizers/en-bpe-8000.model --source-lang cz --target-lang en --batch-size 64 --arch transformer --max-epoch 1 --log-file assignment3/cz-en/logs/train_resume.log --save-dir assignment3/cz-en/checkpoints/ --restore-file checkpoint_last.pt --encoder-dropout 0.1 --decoder-dropout 0.1 --dim-embedding 256 --attention-heads 4 --dim-feedforward-encoder 1024 --dim-feedforward-decoder 1024 --max-seq-len 300 --n-encoder-layers 3 --n-decoder-layers 3
Traceback (most recent call last):
  File "/data/tmanek/atmt_2025/translate.py", line 192, in <module>
    raise ValueError("You must provide --reference when using --bleu.")
ValueError: You must provide --reference when using --bleu.
slurmstepd: error: Detected 1 oom_kill event in StepId=24098637.batch. Some of the step tasks have been OOM Killed.
